// Jest Snapshot v1, https://goo.gl/fbAQLP

exports[`renders correctly 1`] = `
<button
  className="storybook-button storybook-button-medium storybook-button-secondary"
  style={
    {
      "backgroundColor": undefined,
    }
  }
  type="button"
>
  test
</button>
`;
