// Jest Snapshot v1, https://goo.gl/fbAQLP

exports[`Icon Section snapshot 1`] = `
[
  <div
    className="my-8 mt-24"
  >
    <h2
      className="leading-6 text-h2 font-poppins font-bold"
    >
      Icons
    </h2>
  </div>,
  <hr
    className="my-12"
  />,
  <div
    className="my-16"
  >
    <div
      className="mb-6"
    >
      <h3
        className="leading-6 text-h3 font-poppins font-bold"
      >
        Small
      </h3>
    </div>
    <div
      className="flex justify-start space-x-4 items-center text-icon-sm"
    >
      <svg
        aria-hidden="true"
        className="svg-inline--fa fa-circle-user "
        data-icon="circle-user"
        data-prefix="fas"
        focusable="false"
        role="img"
        style={{}}
        viewBox="0 0 512 512"
        xmlns="http://www.w3.org/2000/svg"
      >
        <path
          d="M399 384.2C376.9 345.8 335.4 320 288 320H224c-47.4 0-88.9 25.8-111 64.2c35.2 39.2 86.2 63.8 143 63.8s107.8-24.7 143-63.8zM512 256c0 141.4-114.6 256-256 256S0 397.4 0 256S114.6 0 256 0S512 114.6 512 256zM256 272c39.8 0 72-32.2 72-72s-32.2-72-72-72s-72 32.2-72 72s32.2 72 72 72z"
          fill="currentColor"
          style={{}}
        />
      </svg>
      <svg
        aria-hidden="true"
        className="svg-inline--fa fa-magnifying-glass "
        data-icon="magnifying-glass"
        data-prefix="fas"
        focusable="false"
        role="img"
        style={{}}
        viewBox="0 0 512 512"
        xmlns="http://www.w3.org/2000/svg"
      >
        <path
          d="M416 208c0 45.9-14.9 88.3-40 122.7L502.6 457.4c12.5 12.5 12.5 32.8 0 45.3s-32.8 12.5-45.3 0L330.7 376c-34.4 25.2-76.8 40-122.7 40C93.1 416 0 322.9 0 208S93.1 0 208 0S416 93.1 416 208zM208 352c79.5 0 144-64.5 144-144s-64.5-144-144-144S64 128.5 64 208s64.5 144 144 144z"
          fill="currentColor"
          style={{}}
        />
      </svg>
      <svg
        aria-hidden="true"
        className="svg-inline--fa fa-pause "
        data-icon="pause"
        data-prefix="fas"
        focusable="false"
        role="img"
        style={{}}
        viewBox="0 0 320 512"
        xmlns="http://www.w3.org/2000/svg"
      >
        <path
          d="M48 64C21.5 64 0 85.5 0 112V400c0 26.5 21.5 48 48 48H80c26.5 0 48-21.5 48-48V112c0-26.5-21.5-48-48-48H48zm192 0c-26.5 0-48 21.5-48 48V400c0 26.5 21.5 48 48 48h32c26.5 0 48-21.5 48-48V112c0-26.5-21.5-48-48-48H240z"
          fill="currentColor"
          style={{}}
        />
      </svg>
      <svg
        aria-hidden="true"
        className="svg-inline--fa fa-rotate-left "
        data-icon="rotate-left"
        data-prefix="fas"
        focusable="false"
        role="img"
        style={{}}
        viewBox="0 0 512 512"
        xmlns="http://www.w3.org/2000/svg"
      >
        <path
          d="M48.5 224H40c-13.3 0-24-10.7-24-24V72c0-9.7 5.8-18.5 14.8-22.2s19.3-1.7 26.2 5.2L98.6 96.6c87.6-86.5 228.7-86.2 315.8 1c87.5 87.5 87.5 229.3 0 316.8s-229.3 87.5-316.8 0c-12.5-12.5-12.5-32.8 0-45.3s32.8-12.5 45.3 0c62.5 62.5 163.8 62.5 226.3 0s62.5-163.8 0-226.3c-62.2-62.2-162.7-62.5-225.3-1L185 183c6.9 6.9 8.9 17.2 5.2 26.2s-12.5 14.8-22.2 14.8H48.5z"
          fill="currentColor"
          style={{}}
        />
      </svg>
      <svg
        aria-hidden="true"
        className="svg-inline--fa fa-circle-xmark "
        data-icon="circle-xmark"
        data-prefix="fas"
        focusable="false"
        role="img"
        style={{}}
        viewBox="0 0 512 512"
        xmlns="http://www.w3.org/2000/svg"
      >
        <path
          d="M256 512c141.4 0 256-114.6 256-256S397.4 0 256 0S0 114.6 0 256S114.6 512 256 512zM175 175c9.4-9.4 24.6-9.4 33.9 0l47 47 47-47c9.4-9.4 24.6-9.4 33.9 0s9.4 24.6 0 33.9l-47 47 47 47c9.4 9.4 9.4 24.6 0 33.9s-24.6 9.4-33.9 0l-47-47-47 47c-9.4 9.4-24.6 9.4-33.9 0s-9.4-24.6 0-33.9l47-47-47-47c-9.4-9.4-9.4-24.6 0-33.9z"
          fill="currentColor"
          style={{}}
        />
      </svg>
      <svg
        aria-hidden="true"
        className="svg-inline--fa fa-arrow-up-right-from-square "
        data-icon="arrow-up-right-from-square"
        data-prefix="fas"
        focusable="false"
        role="img"
        style={{}}
        viewBox="0 0 512 512"
        xmlns="http://www.w3.org/2000/svg"
      >
        <path
          d="M320 0c-17.7 0-32 14.3-32 32s14.3 32 32 32h82.7L201.4 265.4c-12.5 12.5-12.5 32.8 0 45.3s32.8 12.5 45.3 0L448 109.3V192c0 17.7 14.3 32 32 32s32-14.3 32-32V32c0-17.7-14.3-32-32-32H320zM80 32C35.8 32 0 67.8 0 112V432c0 44.2 35.8 80 80 80H400c44.2 0 80-35.8 80-80V320c0-17.7-14.3-32-32-32s-32 14.3-32 32V432c0 8.8-7.2 16-16 16H80c-8.8 0-16-7.2-16-16V112c0-8.8 7.2-16 16-16H192c17.7 0 32-14.3 32-32s-14.3-32-32-32H80z"
          fill="currentColor"
          style={{}}
        />
      </svg>
      <svg
        aria-hidden="true"
        className="svg-inline--fa fa-circle-plus "
        data-icon="circle-plus"
        data-prefix="fas"
        focusable="false"
        role="img"
        style={{}}
        viewBox="0 0 512 512"
        xmlns="http://www.w3.org/2000/svg"
      >
        <path
          d="M256 512c141.4 0 256-114.6 256-256S397.4 0 256 0S0 114.6 0 256S114.6 512 256 512zM232 344V280H168c-13.3 0-24-10.7-24-24s10.7-24 24-24h64V168c0-13.3 10.7-24 24-24s24 10.7 24 24v64h64c13.3 0 24 10.7 24 24s-10.7 24-24 24H280v64c0 13.3-10.7 24-24 24s-24-10.7-24-24z"
          fill="currentColor"
          style={{}}
        />
      </svg>
      <svg
        aria-hidden="true"
        className="svg-inline--fa fa-envelope "
        data-icon="envelope"
        data-prefix="fas"
        focusable="false"
        role="img"
        style={{}}
        viewBox="0 0 512 512"
        xmlns="http://www.w3.org/2000/svg"
      >
        <path
          d="M48 64C21.5 64 0 85.5 0 112c0 15.1 7.1 29.3 19.2 38.4L236.8 313.6c11.4 8.5 27 8.5 38.4 0L492.8 150.4c12.1-9.1 19.2-23.3 19.2-38.4c0-26.5-21.5-48-48-48H48zM0 176V384c0 35.3 28.7 64 64 64H448c35.3 0 64-28.7 64-64V176L294.4 339.2c-22.8 17.1-54 17.1-76.8 0L0 176z"
          fill="currentColor"
          style={{}}
        />
      </svg>
    </div>
  </div>,
  <div
    className="my-16"
  >
    <div
      className="mb-6"
    >
      <h3
        className="leading-6 text-h3 font-poppins font-bold"
      >
        Medium
      </h3>
    </div>
    <div
      className="flex justify-start space-x-4 items-center text-icon-md"
    >
      <svg
        aria-hidden="true"
        className="svg-inline--fa fa-circle-user "
        data-icon="circle-user"
        data-prefix="fas"
        focusable="false"
        role="img"
        style={{}}
        viewBox="0 0 512 512"
        xmlns="http://www.w3.org/2000/svg"
      >
        <path
          d="M399 384.2C376.9 345.8 335.4 320 288 320H224c-47.4 0-88.9 25.8-111 64.2c35.2 39.2 86.2 63.8 143 63.8s107.8-24.7 143-63.8zM512 256c0 141.4-114.6 256-256 256S0 397.4 0 256S114.6 0 256 0S512 114.6 512 256zM256 272c39.8 0 72-32.2 72-72s-32.2-72-72-72s-72 32.2-72 72s32.2 72 72 72z"
          fill="currentColor"
          style={{}}
        />
      </svg>
      <svg
        aria-hidden="true"
        className="svg-inline--fa fa-magnifying-glass "
        data-icon="magnifying-glass"
        data-prefix="fas"
        focusable="false"
        role="img"
        style={{}}
        viewBox="0 0 512 512"
        xmlns="http://www.w3.org/2000/svg"
      >
        <path
          d="M416 208c0 45.9-14.9 88.3-40 122.7L502.6 457.4c12.5 12.5 12.5 32.8 0 45.3s-32.8 12.5-45.3 0L330.7 376c-34.4 25.2-76.8 40-122.7 40C93.1 416 0 322.9 0 208S93.1 0 208 0S416 93.1 416 208zM208 352c79.5 0 144-64.5 144-144s-64.5-144-144-144S64 128.5 64 208s64.5 144 144 144z"
          fill="currentColor"
          style={{}}
        />
      </svg>
      <svg
        aria-hidden="true"
        className="svg-inline--fa fa-pause "
        data-icon="pause"
        data-prefix="fas"
        focusable="false"
        role="img"
        style={{}}
        viewBox="0 0 320 512"
        xmlns="http://www.w3.org/2000/svg"
      >
        <path
          d="M48 64C21.5 64 0 85.5 0 112V400c0 26.5 21.5 48 48 48H80c26.5 0 48-21.5 48-48V112c0-26.5-21.5-48-48-48H48zm192 0c-26.5 0-48 21.5-48 48V400c0 26.5 21.5 48 48 48h32c26.5 0 48-21.5 48-48V112c0-26.5-21.5-48-48-48H240z"
          fill="currentColor"
          style={{}}
        />
      </svg>
      <svg
        aria-hidden="true"
        className="svg-inline--fa fa-rotate-left "
        data-icon="rotate-left"
        data-prefix="fas"
        focusable="false"
        role="img"
        style={{}}
        viewBox="0 0 512 512"
        xmlns="http://www.w3.org/2000/svg"
      >
        <path
          d="M48.5 224H40c-13.3 0-24-10.7-24-24V72c0-9.7 5.8-18.5 14.8-22.2s19.3-1.7 26.2 5.2L98.6 96.6c87.6-86.5 228.7-86.2 315.8 1c87.5 87.5 87.5 229.3 0 316.8s-229.3 87.5-316.8 0c-12.5-12.5-12.5-32.8 0-45.3s32.8-12.5 45.3 0c62.5 62.5 163.8 62.5 226.3 0s62.5-163.8 0-226.3c-62.2-62.2-162.7-62.5-225.3-1L185 183c6.9 6.9 8.9 17.2 5.2 26.2s-12.5 14.8-22.2 14.8H48.5z"
          fill="currentColor"
          style={{}}
        />
      </svg>
      <svg
        aria-hidden="true"
        className="svg-inline--fa fa-circle-xmark "
        data-icon="circle-xmark"
        data-prefix="fas"
        focusable="false"
        role="img"
        style={{}}
        viewBox="0 0 512 512"
        xmlns="http://www.w3.org/2000/svg"
      >
        <path
          d="M256 512c141.4 0 256-114.6 256-256S397.4 0 256 0S0 114.6 0 256S114.6 512 256 512zM175 175c9.4-9.4 24.6-9.4 33.9 0l47 47 47-47c9.4-9.4 24.6-9.4 33.9 0s9.4 24.6 0 33.9l-47 47 47 47c9.4 9.4 9.4 24.6 0 33.9s-24.6 9.4-33.9 0l-47-47-47 47c-9.4 9.4-24.6 9.4-33.9 0s-9.4-24.6 0-33.9l47-47-47-47c-9.4-9.4-9.4-24.6 0-33.9z"
          fill="currentColor"
          style={{}}
        />
      </svg>
      <svg
        aria-hidden="true"
        className="svg-inline--fa fa-arrow-up-right-from-square "
        data-icon="arrow-up-right-from-square"
        data-prefix="fas"
        focusable="false"
        role="img"
        style={{}}
        viewBox="0 0 512 512"
        xmlns="http://www.w3.org/2000/svg"
      >
        <path
          d="M320 0c-17.7 0-32 14.3-32 32s14.3 32 32 32h82.7L201.4 265.4c-12.5 12.5-12.5 32.8 0 45.3s32.8 12.5 45.3 0L448 109.3V192c0 17.7 14.3 32 32 32s32-14.3 32-32V32c0-17.7-14.3-32-32-32H320zM80 32C35.8 32 0 67.8 0 112V432c0 44.2 35.8 80 80 80H400c44.2 0 80-35.8 80-80V320c0-17.7-14.3-32-32-32s-32 14.3-32 32V432c0 8.8-7.2 16-16 16H80c-8.8 0-16-7.2-16-16V112c0-8.8 7.2-16 16-16H192c17.7 0 32-14.3 32-32s-14.3-32-32-32H80z"
          fill="currentColor"
          style={{}}
        />
      </svg>
      <svg
        aria-hidden="true"
        className="svg-inline--fa fa-circle-plus "
        data-icon="circle-plus"
        data-prefix="fas"
        focusable="false"
        role="img"
        style={{}}
        viewBox="0 0 512 512"
        xmlns="http://www.w3.org/2000/svg"
      >
        <path
          d="M256 512c141.4 0 256-114.6 256-256S397.4 0 256 0S0 114.6 0 256S114.6 512 256 512zM232 344V280H168c-13.3 0-24-10.7-24-24s10.7-24 24-24h64V168c0-13.3 10.7-24 24-24s24 10.7 24 24v64h64c13.3 0 24 10.7 24 24s-10.7 24-24 24H280v64c0 13.3-10.7 24-24 24s-24-10.7-24-24z"
          fill="currentColor"
          style={{}}
        />
      </svg>
      <svg
        aria-hidden="true"
        className="svg-inline--fa fa-envelope "
        data-icon="envelope"
        data-prefix="fas"
        focusable="false"
        role="img"
        style={{}}
        viewBox="0 0 512 512"
        xmlns="http://www.w3.org/2000/svg"
      >
        <path
          d="M48 64C21.5 64 0 85.5 0 112c0 15.1 7.1 29.3 19.2 38.4L236.8 313.6c11.4 8.5 27 8.5 38.4 0L492.8 150.4c12.1-9.1 19.2-23.3 19.2-38.4c0-26.5-21.5-48-48-48H48zM0 176V384c0 35.3 28.7 64 64 64H448c35.3 0 64-28.7 64-64V176L294.4 339.2c-22.8 17.1-54 17.1-76.8 0L0 176z"
          fill="currentColor"
          style={{}}
        />
      </svg>
    </div>
  </div>,
  <div
    className="my-16"
  >
    <div
      className="mb-6"
    >
      <h3
        className="leading-6 text-h3 font-poppins font-bold"
      >
        Large
      </h3>
    </div>
    <div
      className="flex justify-start space-x-6 items-center text-icon-lg"
    >
      <svg
        aria-hidden="true"
        className="svg-inline--fa fa-circle-user "
        data-icon="circle-user"
        data-prefix="fas"
        focusable="false"
        role="img"
        style={{}}
        viewBox="0 0 512 512"
        xmlns="http://www.w3.org/2000/svg"
      >
        <path
          d="M399 384.2C376.9 345.8 335.4 320 288 320H224c-47.4 0-88.9 25.8-111 64.2c35.2 39.2 86.2 63.8 143 63.8s107.8-24.7 143-63.8zM512 256c0 141.4-114.6 256-256 256S0 397.4 0 256S114.6 0 256 0S512 114.6 512 256zM256 272c39.8 0 72-32.2 72-72s-32.2-72-72-72s-72 32.2-72 72s32.2 72 72 72z"
          fill="currentColor"
          style={{}}
        />
      </svg>
      <svg
        aria-hidden="true"
        className="svg-inline--fa fa-magnifying-glass "
        data-icon="magnifying-glass"
        data-prefix="fas"
        focusable="false"
        role="img"
        style={{}}
        viewBox="0 0 512 512"
        xmlns="http://www.w3.org/2000/svg"
      >
        <path
          d="M416 208c0 45.9-14.9 88.3-40 122.7L502.6 457.4c12.5 12.5 12.5 32.8 0 45.3s-32.8 12.5-45.3 0L330.7 376c-34.4 25.2-76.8 40-122.7 40C93.1 416 0 322.9 0 208S93.1 0 208 0S416 93.1 416 208zM208 352c79.5 0 144-64.5 144-144s-64.5-144-144-144S64 128.5 64 208s64.5 144 144 144z"
          fill="currentColor"
          style={{}}
        />
      </svg>
      <svg
        aria-hidden="true"
        className="svg-inline--fa fa-pause "
        data-icon="pause"
        data-prefix="fas"
        focusable="false"
        role="img"
        style={{}}
        viewBox="0 0 320 512"
        xmlns="http://www.w3.org/2000/svg"
      >
        <path
          d="M48 64C21.5 64 0 85.5 0 112V400c0 26.5 21.5 48 48 48H80c26.5 0 48-21.5 48-48V112c0-26.5-21.5-48-48-48H48zm192 0c-26.5 0-48 21.5-48 48V400c0 26.5 21.5 48 48 48h32c26.5 0 48-21.5 48-48V112c0-26.5-21.5-48-48-48H240z"
          fill="currentColor"
          style={{}}
        />
      </svg>
      <svg
        aria-hidden="true"
        className="svg-inline--fa fa-rotate-left "
        data-icon="rotate-left"
        data-prefix="fas"
        focusable="false"
        role="img"
        style={{}}
        viewBox="0 0 512 512"
        xmlns="http://www.w3.org/2000/svg"
      >
        <path
          d="M48.5 224H40c-13.3 0-24-10.7-24-24V72c0-9.7 5.8-18.5 14.8-22.2s19.3-1.7 26.2 5.2L98.6 96.6c87.6-86.5 228.7-86.2 315.8 1c87.5 87.5 87.5 229.3 0 316.8s-229.3 87.5-316.8 0c-12.5-12.5-12.5-32.8 0-45.3s32.8-12.5 45.3 0c62.5 62.5 163.8 62.5 226.3 0s62.5-163.8 0-226.3c-62.2-62.2-162.7-62.5-225.3-1L185 183c6.9 6.9 8.9 17.2 5.2 26.2s-12.5 14.8-22.2 14.8H48.5z"
          fill="currentColor"
          style={{}}
        />
      </svg>
      <svg
        aria-hidden="true"
        className="svg-inline--fa fa-circle-xmark "
        data-icon="circle-xmark"
        data-prefix="fas"
        focusable="false"
        role="img"
        style={{}}
        viewBox="0 0 512 512"
        xmlns="http://www.w3.org/2000/svg"
      >
        <path
          d="M256 512c141.4 0 256-114.6 256-256S397.4 0 256 0S0 114.6 0 256S114.6 512 256 512zM175 175c9.4-9.4 24.6-9.4 33.9 0l47 47 47-47c9.4-9.4 24.6-9.4 33.9 0s9.4 24.6 0 33.9l-47 47 47 47c9.4 9.4 9.4 24.6 0 33.9s-24.6 9.4-33.9 0l-47-47-47 47c-9.4 9.4-24.6 9.4-33.9 0s-9.4-24.6 0-33.9l47-47-47-47c-9.4-9.4-9.4-24.6 0-33.9z"
          fill="currentColor"
          style={{}}
        />
      </svg>
      <svg
        aria-hidden="true"
        className="svg-inline--fa fa-arrow-up-right-from-square "
        data-icon="arrow-up-right-from-square"
        data-prefix="fas"
        focusable="false"
        role="img"
        style={{}}
        viewBox="0 0 512 512"
        xmlns="http://www.w3.org/2000/svg"
      >
        <path
          d="M320 0c-17.7 0-32 14.3-32 32s14.3 32 32 32h82.7L201.4 265.4c-12.5 12.5-12.5 32.8 0 45.3s32.8 12.5 45.3 0L448 109.3V192c0 17.7 14.3 32 32 32s32-14.3 32-32V32c0-17.7-14.3-32-32-32H320zM80 32C35.8 32 0 67.8 0 112V432c0 44.2 35.8 80 80 80H400c44.2 0 80-35.8 80-80V320c0-17.7-14.3-32-32-32s-32 14.3-32 32V432c0 8.8-7.2 16-16 16H80c-8.8 0-16-7.2-16-16V112c0-8.8 7.2-16 16-16H192c17.7 0 32-14.3 32-32s-14.3-32-32-32H80z"
          fill="currentColor"
          style={{}}
        />
      </svg>
      <svg
        aria-hidden="true"
        className="svg-inline--fa fa-circle-plus "
        data-icon="circle-plus"
        data-prefix="fas"
        focusable="false"
        role="img"
        style={{}}
        viewBox="0 0 512 512"
        xmlns="http://www.w3.org/2000/svg"
      >
        <path
          d="M256 512c141.4 0 256-114.6 256-256S397.4 0 256 0S0 114.6 0 256S114.6 512 256 512zM232 344V280H168c-13.3 0-24-10.7-24-24s10.7-24 24-24h64V168c0-13.3 10.7-24 24-24s24 10.7 24 24v64h64c13.3 0 24 10.7 24 24s-10.7 24-24 24H280v64c0 13.3-10.7 24-24 24s-24-10.7-24-24z"
          fill="currentColor"
          style={{}}
        />
      </svg>
      <svg
        aria-hidden="true"
        className="svg-inline--fa fa-envelope "
        data-icon="envelope"
        data-prefix="fas"
        focusable="false"
        role="img"
        style={{}}
        viewBox="0 0 512 512"
        xmlns="http://www.w3.org/2000/svg"
      >
        <path
          d="M48 64C21.5 64 0 85.5 0 112c0 15.1 7.1 29.3 19.2 38.4L236.8 313.6c11.4 8.5 27 8.5 38.4 0L492.8 150.4c12.1-9.1 19.2-23.3 19.2-38.4c0-26.5-21.5-48-48-48H48zM0 176V384c0 35.3 28.7 64 64 64H448c35.3 0 64-28.7 64-64V176L294.4 339.2c-22.8 17.1-54 17.1-76.8 0L0 176z"
          fill="currentColor"
          style={{}}
        />
      </svg>
    </div>
  </div>,
  <div
    className="h-64"
  />,
]
`;
